[techgehlotravi.blogspot.com/index.html]
[ajax.googleapis.com/ajax/libs/jquery/1.11.0/jquery.min.js]
[maxcdn.bootstrapcdn.com/font-awesome/4.7.0/css/font-awesome.min.css]
[cdn.linearicons.com/free/1.0.0/icon-font.min.css]
[backblue.gif]
[fade.gif]
[index.html]
[techgehlotravi.blogspot.com/favicon.ico]
[techgehlotravi.blogspot.com/feeds/posts/default]
[techgehlotravi.blogspot.com/feeds/posts/default9522]
[1.bp.blogspot.com/-ZZkPzlWIBN8/XnLyfSUMySI/AAAAAAAAAQ0/13s-6Bymt6oJt562fClKx9rii0C2CjLAwCLcBGAsYHQ/s1600/jFT4UK.jpg]
[4.bp.blogspot.com/-Tev2WNGyFs8/WaUuh31ZVRI/AAAAAAAADuY/5D9_uZ3rgrY9cVKC46DXxPMlXlxCOmB4gCK4BGAYYCw/s1600/sg-back.jpg]
[www.blogger.com/img/widgets/draggable.png]
[3.bp.blogspot.com/-Yw8BIuvwoSQ/VsjkCIMoltI/AAAAAAAAC4c/s55PW6xEKn0/s1600-r/nth.png]
[2.bp.blogspot.com/-QaeN6WaIOrg/WmLEt_JnvdI/AAAAAAAAACQ/BbHoRAPW_9YYzVlZOZ_n7TVLwJPmAmJ1wCLcBGAs/s1600/123.jpg]
[resources.blogblog.com/img/icon18_edit_allbkg.gif]
[techgehlotravi.blogspot.com/2022/07/100-disk-use-in-window-10.html]
[techgehlotravi.blogspot.com/2022/06/add-placeholder-in-select2.html]
[techgehlotravi.blogspot.com/2022/06/antimalware-service-executable-cannot.html]
[techgehlotravi.blogspot.com/2022/05/shorting-in-laraval-datatables.html]
[techgehlotravi.blogspot.com/2022/05/laravel-morphedbymany-sync.html]
[techgehlotravi.blogspot.com/2022/05/how-to-run-cron-job-in-laravel.html]
[techgehlotravi.blogspot.com/2022/03/what-lesson-did-you-learn-from-story.html]
[techgehlotravi.blogspot.com/search/label/Class 10th.html]
[techgehlotravi.blogspot.com/search/label/English.html]
[techgehlotravi.blogspot.com/search/label/RBSE.html]
[techgehlotravi.blogspot.com/2022/03/email-to-principle-for-non-completion.html]
[demo.tricksway.com/modal1/reveal.html]
[techgehlotravi.blogspot.com/search7bc1.html]
[techgehlotravi.blogspot.com/search/label/Amazon.html]
[techgehlotravi.blogspot.com/search/label/cart page.html]
[techgehlotravi.blogspot.com/search/label/checkbox.html]
[techgehlotravi.blogspot.com/search/label/Dell.html]
[techgehlotravi.blogspot.com/search/label/Domain Email.html]
[techgehlotravi.blogspot.com/search/label/Duplicates.html]
[techgehlotravi.blogspot.com/search/label/Gmail Account.html]
[techgehlotravi.blogspot.com/search/label/Hosting.html]
[techgehlotravi.blogspot.com/search/label/Information Assistant.html]
[techgehlotravi.blogspot.com/search/label/Interview Questions.html]
[techgehlotravi.blogspot.com/search/label/Lan connection between windows 7 and Ubuntu14.html]
[techgehlotravi.blogspot.com/search/label/Lan connection in Ubuntu 14.html]
[techgehlotravi.blogspot.com/search/label/Learn PHP.html]
[techgehlotravi.blogspot.com/search/label/Linux.html]
[techgehlotravi.blogspot.com/search/label/mount.html]
[techgehlotravi.blogspot.com/search/label/Netlimiter.html]
[techgehlotravi.blogspot.com/search/label/Old Works.html]
[techgehlotravi.blogspot.com/search/label/PHP multidimensional Array.html]
[techgehlotravi.blogspot.com/search/label/Rajasthan Information Assistant.html]
[techgehlotravi.blogspot.com/search/label/Service tag.html]
[techgehlotravi.blogspot.com/search/label/shopify.html]
[techgehlotravi.blogspot.com/search/label/Sum Amount.html]
[techgehlotravi.blogspot.com/search/label/Tmeter.html]
[techgehlotravi.blogspot.com/search/label/Ubuntu 14.html]
[techgehlotravi.blogspot.com/search/label/Unidentified network.html]
[techgehlotravi.blogspot.com/search/label/USB.html]
[techgehlotravi.blogspot.com/search/label/Wifi.html]
[techgehlotravi.blogspot.com/search/label/Windows.html]
[www.blogger.com/img/logo-16.png]
[techgehlotravi.blogspot.com/search/label/Wordpress.html]
[techgehlotravi.blogspot.com/2022/07/index.html]
[techgehlotravi.blogspot.com/2022/index.html]
[techgehlotravi.blogspot.com/2016/05/add-new-form-field-in-orangehrm-new.html]
[techgehlotravi.blogspot.com/2022/06/index.html]
[techgehlotravi.blogspot.com/2022/05/index.html]
[techgehlotravi.blogspot.com/2022/03/index.html]
[techgehlotravi.blogspot.com/2021/index.html]
[techgehlotravi.blogspot.com/2016/03/how-to-change-select-box-drop-down.html]
[techgehlotravi.blogspot.com/2022/01/index.html]
[techgehlotravi.blogspot.com/2022/02/index.html]
[2.bp.blogspot.com/-mqiOPpkXdS0/VzdMAyCYOhI/AAAAAAAAAN4/_BD4BPWTnnc8cFYLeQ1LLDKWiPNlOS_IACLcB/w72-h72-p-k-no-nu/selectboxit-jquery-selectbox-plugin.jpg]
[techgehlotravi.blogspot.com/2021/12/index.html]
[techgehlotravi.blogspot.com/2021/11/index.html]
[techgehlotravi.blogspot.com/2021/09/index.html]
[techgehlotravi.blogspot.com/2017/02/php-array-library-functions.html]
[techgehlotravi.blogspot.com/2021/10/index.html]
[techgehlotravi.blogspot.com/2021/07/index.html]
[techgehlotravi.blogspot.com/2021/05/index.html]
[techgehlotravi.blogspot.com/2018/09/how-to-create-multi-item-carousel-using.html]
[techgehlotravi.blogspot.com/2021/06/index.html]
[techgehlotravi.blogspot.com/2020/index.html]
[techgehlotravi.blogspot.com/2021/04/index.html]
[3.bp.blogspot.com/-0KYN8c-WwRw/W6Ha6tSaIPI/AAAAAAAAAH4/PbXRlvQrQMU6ujFVFPmudhN_JyckAxWBgCLcBGAs/w72-h72-p-k-no-nu/item.png]
[techgehlotravi.blogspot.com/2020/10/index.html]
[techgehlotravi.blogspot.com/2020/09/index.html]
[techgehlotravi.blogspot.com/2020/06/index.html]
[techgehlotravi.blogspot.com/2016/01/woocommerce-shortcode.html]
[techgehlotravi.blogspot.com/2020/03/index.html]
[techgehlotravi.blogspot.com/2020/01/index.html]
[techgehlotravi.blogspot.com/2020/02/index.html]
[techgehlotravi.blogspot.com/2019/08/index.html]
[techgehlotravi.blogspot.com/2019/09/index.html]
[techgehlotravi.blogspot.com/2019/index.html]
[techgehlotravi.blogspot.com/2019/06/index.html]
[techgehlotravi.blogspot.com/2020/10/how-to-add-checkbox-in-shopify-cart-page.html]
[1.bp.blogspot.com/-XLx6uik0vHs/X6k8V7KTWbI/AAAAAAAADF0/Gsl2gcRuxv8-vwWCJMthX3I8KN9Q7MByQCLcBGAsYHQ/w72-h72-p-k-no-nu/shopify.png]
[techgehlotravi.blogspot.com/2019/05/index.html]
[techgehlotravi.blogspot.com/2019/04/index.html]
[techgehlotravi.blogspot.com/2019/03/index.html]
[techgehlotravi.blogspot.com/2018/index.html]
[techgehlotravi.blogspot.com/2019/02/index.html]
[techgehlotravi.blogspot.com/2022/02/git-issue-pull.html]
[techgehlotravi.blogspot.com/2018/12/index.html]
[techgehlotravi.blogspot.com/2018/09/index.html]
[techgehlotravi.blogspot.com/2018/07/index.html]
[techgehlotravi.blogspot.com/2017/12/object-itration-in-php.html]
[techgehlotravi.blogspot.com/2018/11/index.html]
[2.bp.blogspot.com/-UFrm7SnAooI/WnU7xV5t-OI/AAAAAAAAAD0/YrLKzwu2JxgkS2XIH0Z4YVnbMf2MA7T_wCLcBGAs/w72-h72-p-k-no-nu/2000px-Insertion-sort.svg.png]
[techgehlotravi.blogspot.com/2018/06/index.html]
[techgehlotravi.blogspot.com/2018/02/index.html]
[techgehlotravi.blogspot.com/2018/01/index.html]
[techgehlotravi.blogspot.com/2018/04/index.html]
[techgehlotravi.blogspot.com/2016/01/best-php-open-source-free-script.html]
[techgehlotravi.blogspot.com/2017/index.html]
[techgehlotravi.blogspot.com/2017/11/index.html]
[techgehlotravi.blogspot.com/2017/12/index.html]
[2.bp.blogspot.com/-zlqxgRJqoNY/VzdI3Ld-2aI/AAAAAAAAANg/rVAUgTLe2uQAM7lXBVo29TKQ9Sy1IyMhACLcB/w72-h72-p-k-no-nu/PHP_Logo copy.png]
[techgehlotravi.blogspot.com/2017/09/index.html]
[techgehlotravi.blogspot.com/2017/07/index.html]
[techgehlotravi.blogspot.com/2017/05/index.html]
[techgehlotravi.blogspot.com/2017/04/index.html]
[techgehlotravi.blogspot.com/2017/02/index.html]
[techgehlotravi.blogspot.com/2016/index.html]
[techgehlotravi.blogspot.com/2017/01/index.html]
[techgehlotravi.blogspot.com/2021/10/laravel-verify-email-functionality.html]
[1.bp.blogspot.com/-Xh57Gm7sUfI/YWA1oW_3OAI/AAAAAAAADO8/uzfSBPyozKIgpOmn5NCc7hyDLQfd77w7gCLcBGAsYHQ/w72-h72-p-k-no-nu/Capture54545.png]
[techgehlotravi.blogspot.com/2016/11/index.html]
[techgehlotravi.blogspot.com/2016/12/index.html]
[2.bp.blogspot.com/-3JRwaMMOrsI/WnRm7OeAdtI/AAAAAAAAADU/MOsF7TCjBL0ac91Golgb-BIuGx5iLz1zQCLcBGAs/s1600/image2.PNG]
[techgehlotravi.blogspot.com/2016/09/index.html]
[techgehlotravi.blogspot.com/2016/08/index.html]
[techgehlotravi.blogspot.com/2016/07/index.html]
[3.bp.blogspot.com/-FiAlfV-EZq0/WnRm30kyMTI/AAAAAAAAADQ/qykwzvdJF80mYtvkQkSlk5Qz_ddPGJqbgCLcBGAs/s1600/image1.PNG]
[techgehlotravi.blogspot.com/2016/05/index.html]
[techgehlotravi.blogspot.com/2016/04/index.html]
[techgehlotravi.blogspot.com/2016/06/index.html]
[2.bp.blogspot.com/-h1FShDICm6E/WnVFS1nJsoI/AAAAAAAAAE4/_rPaiwg2ZzwxFbFLx4-BTkVwxOkWU8ZiQCLcBGAs/s1600/client.png]
[techgehlotravi.blogspot.com/2016/03/index.html]
[techgehlotravi.blogspot.com/2016/02/index.html]
[4.bp.blogspot.com/-7KrIx1HmNfs/WnVVSzE2nHI/AAAAAAAAAFk/Qt5kt7S4c-4WuGgPyAedA1yvikWJXSoOACLcBGAs/s320/5a754f287215cfd1478b4567.jpg]
[techgehlotravi.blogspot.com/2015/index.html]
[techgehlotravi.blogspot.com/2015/12/index.html]
[techgehlotravi.blogspot.com/2016/01/index.html]
[2.bp.blogspot.com/-Q7umqQ0malM/WnVUBNhHbqI/AAAAAAAAAFU/XsUYCVpmCnMmyvLOoAysPiTgUdSw0KE4QCLcBGAs/s320/bird.jpg]
[techgehlotravi.blogspot.com/2012/11/index.html]
[techgehlotravi.blogspot.com/2012/index.html]
[techgehlotravi.blogspot.com/default.4e.delayed]
[techgehlotravi.blogspot.com/mqdefault.4f.delayed]
[1.bp.blogspot.com/-eAeO-DYJDws/Vkqtj4HFBFI/AAAAAAAAB0o/Q5OLsyONXM0/s1600-r/nth.png]
[resources.infolinks.com/js/infolinks_main.js]
[apis.google.com/js/plusone.js]
[www.blogger.com/static/v1/widgets/3892750800-widgets.js]
[techgehlotravi.blogspot.com/index.html]
[www.blogger.com/img/widgets/stats-flipper.png]
[resources.blogblog.com/img/widgets/s_top.png]
[www.blogger.com/static/v1/widgets/2975350028-css_bundle_v2.css]
[maxcdn.bootstrapcdn.com/font-awesome/4.7.0/css/font-awesome.min.css]
[cdn.linearicons.com/free/1.0.0/icon-font.min.css]
[www.blogger.com/dyn-css/authorization91f7.css]
[techgehlotravi.blogspot.com/feeds/7269781655023390237/comments/default]
[www.blogger.com/static/v1/jsbin/3262169375-comment_from_post_iframe.js]
[connect.facebook.net/en_US/sdk.js]
[techgehlotravi.blogspot.com/2022/07/100-disk-use-in-window-10.html]
[techgehlotravi.blogspot.com/feeds/5738746931647755878/comments/default]
[techgehlotravi.blogspot.com/2022/06/add-placeholder-in-select2.html]
[techgehlotravi.blogspot.com/feeds/6999217258415637314/comments/default]
[techgehlotravi.blogspot.com/2022/06/antimalware-service-executable-cannot.html]
[techgehlotravi.blogspot.com/feeds/7064336329434242079/comments/default]
[techgehlotravi.blogspot.com/2022/05/shorting-in-laraval-datatables.html]
[techgehlotravi.blogspot.com/feeds/2977016801873509058/comments/default]
[techgehlotravi.blogspot.com/2022/05/laravel-morphedbymany-sync.html]
[techgehlotravi.blogspot.com/feeds/1941364149047716835/comments/default]
[techgehlotravi.blogspot.com/2022/05/how-to-run-cron-job-in-laravel.html]
[techgehlotravi.blogspot.com/feeds/2822237769734766008/comments/default]
[techgehlotravi.blogspot.com/2022/03/what-lesson-did-you-learn-from-story.html]
[techgehlotravi.blogspot.com/2022/03/datatables-not-loading.html]
[techgehlotravi.blogspot.com/search/label/Class 10th.html]
[techgehlotravi.blogspot.com/search/label/Class 10thebd9.html]
[techgehlotravi.blogspot.com/search/label/English.html]
[techgehlotravi.blogspot.com/search/label/Englishebd9.html]
[techgehlotravi.blogspot.com/search/label/RBSE.html]
[techgehlotravi.blogspot.com/search/label/RBSEebd9.html]
[techgehlotravi.blogspot.com/feeds/5884198198971022828/comments/default]
[techgehlotravi.blogspot.com/2022/03/email-to-principle-for-non-completion.html]
[techgehlotravi.blogspot.com/2022/02/how-to-add-new-field-in-laravel-6-table.html]
[techgehlotravi.blogspot.com/2022/02/cannot-declare-class-roworder-because.html]
[techgehlotravi.blogspot.com/2022/02/php-object-and-class-related-questions.html]
[techgehlotravi.blogspot.com/2022/01/how-to-clone-laravel-project-from-github.html]
[techgehlotravi.blogspot.com/2022/01/laravel-6-issue.html]
[techgehlotravi.blogspot.com/2022/01/php-loop-questions_12.html]
[techgehlotravi.blogspot.com/search7bc1.html]
[demo.tricksway.com/static/css/2.7dce832d.chunk.css]
[demo.tricksway.com/modal1/reveal.html]
[demo.tricksway.com/static/js/main.48664e79.chunk.js]
[techgehlotravi.blogspot.com/searchd9ae.html]
[techgehlotravi.blogspot.com/search/label/Amazon.html]
[1.bp.blogspot.com/-XLx6uik0vHs/X6k8V7KTWbI/AAAAAAAADF0/Gsl2gcRuxv8-vwWCJMthX3I8KN9Q7MByQCLcBGAsYHQ/s320/shopify.png]
[demo.tricksway.com/static/js/2.0bf5a624.chunk.js]
[techgehlotravi.blogspot.com/2017/07/how-to-create-amazon-associates-access.html]
[techgehlotravi.blogspot.com/search/label/Amazon00a5.html]
[techgehlotravi.blogspot.com/search/label/cart page.html]
[techgehlotravi.blogspot.com/search/label/cart pageb1aa.html]
[www.google.com/js/bg/ScuHrLJSuMz-P8UpD_WVXyUZt188tH6pyCCWmvqBSxI.js]
[techgehlotravi.blogspot.com/search/label/checkboxb1aa.html]
[techgehlotravi.blogspot.com/b/csia5cf.js]
[techgehlotravi.blogspot.com/search/label/checkbox.html]
[techgehlotravi.blogspot.com/2018/07/dell-inspiron-3520-wireless-card.html]
[3.bp.blogspot.com/-rd028eQzfd4/Wz2pbXNAf1I/AAAAAAAAAGw/4lP88BrGFv8Pl28tpBvNb_HL5dWSe6vFQCLcBGAs/s1600/dell.jpg]
[techgehlotravi.blogspot.com/2017/07/mounting-usb-stick-in-ubuntu-1404.html]
[3.bp.blogspot.com/-0lk1P7ksdNQ/WnVBs88TqzI/AAAAAAAAAEo/MCMIiJ7lRKAzRK4LlY7y-pwDFpIvAc8HACLcBGAs/s320/ubuntu-14.04_-1696235003.jpg]
[techgehlotravi.blogspot.com/2016/11/dell-service-tag-using-command-line-in.html]
[techgehlotravi.blogspot.com/search/label/Dell.html]
[techgehlotravi.blogspot.com/search/label/Dell9dcd.html]
[techgehlotravi.blogspot.com/2016/09/unable-to-send-email-to-gmail-account.html]
[techgehlotravi.blogspot.com/search/label/Domain Email.html]
[techgehlotravi.blogspot.com/search/label/Domain Email9433.html]
[techgehlotravi.blogspot.com/2020/09/php-multidimensional-array-remove.html]
[techgehlotravi.blogspot.com/search/label/Duplicates.html]
[techgehlotravi.blogspot.com/search/label/Duplicatese12b.html]
[techgehlotravi.blogspot.com/search/label/Gmail Account.html]
[techgehlotravi.blogspot.com/search/label/Gmail Account9433.html]
[techgehlotravi.blogspot.com/search/label/Hosting.html]
[techgehlotravi.blogspot.com/search/label/Hosting9433.html]
[techgehlotravi.blogspot.com/2018/04/information-assistant-recruitment_74.html]
[techgehlotravi.blogspot.com/2018/04/information-assistant-recruitment_27.html]
[techgehlotravi.blogspot.com/search/label/Information Assistant.html]
[techgehlotravi.blogspot.com/search/label/Information Assistant2305.html]
[techgehlotravi.blogspot.com/2017/11/php-interview-questions.html]
[2.bp.blogspot.com/-l2u_9bMC2-o/WnU9wLPu98I/AAAAAAAAAEQ/LqTwqaxPl20-nlMqUiK5FephC0o6G82ngCLcBGAs/s320/02facebook-superJumbo.jpg]
[techgehlotravi.blogspot.com/search/label/Interview Questions.html]
[techgehlotravi.blogspot.com/search/label/Interview Questions5f28.html]
[techgehlotravi.blogspot.com/2017/04/how-to-connect-lan-connection-between.html]
[techgehlotravi.blogspot.com/search/label/Lan connection between windows 7 and Ubuntu14.html]
[techgehlotravi.blogspot.com/search/label/Lan connection between windows 7 and Ubuntu14cc31.html]
[techgehlotravi.blogspot.com/search/label/Lan connection in Ubuntu 14.html]
[techgehlotravi.blogspot.com/search/label/Lan connection in Ubuntu 14cc31.html]
[techgehlotravi.blogspot.com/2022/01/php-loop-questions-series-part-2.html]
[techgehlotravi.blogspot.com/2022/01/php-loop-questions.html]
[2.bp.blogspot.com/-UFrm7SnAooI/WnU7xV5t-OI/AAAAAAAAAD0/YrLKzwu2JxgkS2XIH0Z4YVnbMf2MA7T_wCLcBGAs/s320/2000px-Insertion-sort.svg.png]
[techgehlotravi.blogspot.com/2017/12/traits-in-php.html]
[4.bp.blogspot.com/-lKfdLxEyV5U/WnU8YCKHt7I/AAAAAAAAAD8/HVb_mL3F17YxY6knlZypA87TjtwUU8jhwCLcBGAs/s1600/6_traits_by_dimitris_timotheatos.png]
[techgehlotravi.blogspot.com/2017/12/php-interface.html]
[4.bp.blogspot.com/-1X3j0dgI90k/WnU8-SNGcuI/AAAAAAAAAEE/fk4fy0guRfIu1bUKld6x3Jv-v9BH17UWACLcBGAs/s1600/inter.jpg]
[techgehlotravi.blogspot.com/2017/02/array-functions.html]
[techgehlotravi.blogspot.com/2016/08/15-daily-use-php-functions.html]
[techgehlotravi.blogspot.com/2016/08/15-important-php-string-function-for.html]
[techgehlotravi.blogspot.com/search/label/Learn PHP.html]
[techgehlotravi.blogspot.com/search/label/Learn PHP3377.html]
[techgehlotravi.blogspot.com/2018/09/read-log-file-in-linux-debian-using-php.html]
[1.bp.blogspot.com/-MWJyGsljaMs/W5ymwWJAsRI/AAAAAAAAAHo/WCJYhpi_CY82BoxnU3N37q43peQ-I-PfwCLcBGAs/s1600/index.jpg]
[techgehlotravi.blogspot.com/2017/07/how-to-type-in-hindi-language-in-ubuntu.html]
[2.bp.blogspot.com/-LuJMIxDdErY/WnVCKQekemI/AAAAAAAAAEs/5jkKjMNP8ws7YTOsbUpSntbPONa05n6pACLcBGAs/s320/790px-Vb15.png]
[techgehlotravi.blogspot.com/search/label/Linux.html]
[techgehlotravi.blogspot.com/search/label/Linux9dcd.html]
[techgehlotravi.blogspot.com/search/label/mount.html]
[techgehlotravi.blogspot.com/search/label/mount316f.html]
[techgehlotravi.blogspot.com/2018/09/decrease-video-quality-of-your-video.html]
[3.bp.blogspot.com/-IaOxIyEzegw/W5DuP2oiqAI/AAAAAAAAAHU/yBs65jb4WNs4joWaAB1786BwzLCzIwS4gCLcBGAs/s320/Digital_video_resolutions_(VCD_to_4K).svg.png]
[techgehlotravi.blogspot.com/search/label/Netlimiter.html]
[techgehlotravi.blogspot.com/search/label/Netlimiterb653.html]
[techgehlotravi.blogspot.com/2016/07/get-bbci-rss-feedback-and-create-your.html]
[techgehlotravi.blogspot.com/search/label/Old Works.html]
[techgehlotravi.blogspot.com/search/label/Old Works1cb9.html]
[techgehlotravi.blogspot.com/search/label/PHP multidimensional Array.html]
[techgehlotravi.blogspot.com/search/label/PHP multidimensional Arraye12b.html]
[techgehlotravi.blogspot.com/search/label/Rajasthan Information Assistant.html]
[techgehlotravi.blogspot.com/search/label/Rajasthan Information Assistant2305.html]
[techgehlotravi.blogspot.com/search/label/Service tag.html]
[techgehlotravi.blogspot.com/search/label/Service tag9dcd.html]
[techgehlotravi.blogspot.com/2017/02/editing-in-shopify-site.html]
[1.bp.blogspot.com/-4mIIj0vV3yo/WLEoDkUNSnI/AAAAAAAAASQ/zN2pr77YZnokmFATr-B9ciG-VoIpjUqIACLcB/s1600/shopify.jpeg]
[techgehlotravi.blogspot.com/search/label/shopify.html]
[techgehlotravi.blogspot.com/search/label/shopifyd888.html]
[techgehlotravi.blogspot.com/search/label/Sum Amount.html]
[techgehlotravi.blogspot.com/search/label/Sum Amounte12b.html]
[techgehlotravi.blogspot.com/search/label/Tmeter.html]
[techgehlotravi.blogspot.com/search/label/Tmeterb653.html]
[techgehlotravi.blogspot.com/search/label/Ubuntu 14.html]
[techgehlotravi.blogspot.com/search/label/Ubuntu 149dcd.html]
[techgehlotravi.blogspot.com/search/label/Unidentified network.html]
[techgehlotravi.blogspot.com/search/label/Unidentified network0841.html]
[techgehlotravi.blogspot.com/search/label/USB.html]
[techgehlotravi.blogspot.com/search/label/USB316f.html]
[techgehlotravi.blogspot.com/search/label/Wifi.html]
[techgehlotravi.blogspot.com/search/label/Wifi0841.html]
[techgehlotravi.blogspot.com/search/label/Windows.html]
[techgehlotravi.blogspot.com/search/label/Windows9dcd.html]
[techgehlotravi.blogspot.com/2017/09/best-free-wordpress-theme.html]
[1.bp.blogspot.com/-pbkJZbmiW50/WnVAmBLFbJI/AAAAAAAAAEc/lcR1qV-7GPIoV0ZXB1Vomrbz85eZpv-kACLcBGAs/s320/website-1624028_960_720.png]
[techgehlotravi.blogspot.com/2017/05/rename-all-image-name-in-wordpress-47.html]
[techgehlotravi.blogspot.com/search/label/Wordpress.html]
[techgehlotravi.blogspot.com/search/label/Wordpress9dcd.html]
[techgehlotravi.blogspot.com/2022/index.html]
[techgehlotravi.blogspot.com/search0a1f.html]
[techgehlotravi.blogspot.com/2022/07/index.html]
[techgehlotravi.blogspot.com/search0d18.html]
[techgehlotravi.blogspot.com/2022/06/index.html]
[techgehlotravi.blogspot.com/searchf19b.html]
[techgehlotravi.blogspot.com/2022/05/index.html]
[techgehlotravi.blogspot.com/searchab41.html]
[techgehlotravi.blogspot.com/2022/03/index.html]
[techgehlotravi.blogspot.com/search7c85.html]
[techgehlotravi.blogspot.com/searchc40b.html]
[techgehlotravi.blogspot.com/2022/02/index.html]
[techgehlotravi.blogspot.com/search9220.html]
[techgehlotravi.blogspot.com/searchec23.html]
[techgehlotravi.blogspot.com/2022/01/index.html]
[techgehlotravi.blogspot.com/search4bc5.html]
[techgehlotravi.blogspot.com/2021/12/cakephp-project-issues-and-solution.html]
[techgehlotravi.blogspot.com/2021/12/invoice-ninja-pdf-issue-solution.html]
[techgehlotravi.blogspot.com/2021/12/cakephp-project-installation.html]
[techgehlotravi.blogspot.com/2021/11/sentance-foe-daily-use.html]
[techgehlotravi.blogspot.com/2021/11/after-installing-nextcloud-on-your.html]
[techgehlotravi.blogspot.com/2021/11/ssl-certificate-on-subdomain.html]
[techgehlotravi.blogspot.com/2021/11/how-to-install-nextcloud-on-shared.html]
[techgehlotravi.blogspot.com/2021/10/check-laravel-version.html]
[techgehlotravi.blogspot.com/2021/10/wordpress-best-plugin.html]
[1.bp.blogspot.com/-Xh57Gm7sUfI/YWA1oW_3OAI/AAAAAAAADO8/uzfSBPyozKIgpOmn5NCc7hyDLQfd77w7gCLcBGAsYHQ/s0/Capture54545.png]
[techgehlotravi.blogspot.com/2021/10/embedding-your-google-map-manually.html]
[techgehlotravi.blogspot.com/2021/10/intigrate-sendgrid-email-api-in-php.html]
[1.bp.blogspot.com/-RgOYYjFKcGA/YV11a0HwA3I/AAAAAAAADOo/8aOL1FhLFcgqnu8mCOZWQTaereXA3fF4gCLcBGAsYHQ/s320/Af2RRy1K_400x400.jpg]
[techgehlotravi.blogspot.com/2021/10/steps-of-working-on-clients-project.html]
[1.bp.blogspot.com/-tH3MnLSL3gQ/YVvcgLo3-7I/AAAAAAAADOc/t5gSobpKrFc2Eiufo0Pw38MfGRHfST_6wCLcBGAsYHQ/s320/client.png]
[techgehlotravi.blogspot.com/2021/09/if-your-htaccess-file-is-not-working.html]
[techgehlotravi.blogspot.com/2021/09/change-url-using-javascript-in-php.html]
[i.ytimg.com/vi/QvNfsSVmsWQ/hqdefault.jpg]
[techgehlotravi.blogspot.com/2021/09/blog-post_28.html]
[techgehlotravi.blogspot.com/2021/09/blog-post.html]
[techgehlotravi.blogspot.com/2021/07/use-sourcetree-branches-to-merge-update.html]
[techgehlotravi.blogspot.com/2021/06/chat-software.html]
[techgehlotravi.blogspot.com/2021/06/curl-error-60-ssl-certificate-problem.html]
[techgehlotravi.blogspot.com/2021/05/htaccess-file-to-avoid-css-render.html]
[techgehlotravi.blogspot.com/2021/04/image-conversion-in-laravel.html]
[1.bp.blogspot.com/-aBRUkL958rY/YIekvVvX9aI/AAAAAAAADLQ/3O53bA0Trkkt_ZKsRie7UT85spOMFlnmQCLcBGAsYHQ/w629-h297/Screenshot (2).png]
[techgehlotravi.blogspot.com/2021/04/class-name-must-be-valid-object-or.html]
[techgehlotravi.blogspot.com/2021/04/how-to-deploy-laravel-website-online-to.html]
[techgehlotravi.blogspot.com/2021/04/how-to-speed-up-wordpress-website.html]
[techgehlotravi.blogspot.com/2021/04/wordpress-google-translate-plugin-for.html]
[techgehlotravi.blogspot.com/2021/04/debug-javascript-code.html]
[techgehlotravi.blogspot.com/2021/04/scrollmagic-json-lottie-animation-in.html]
[techgehlotravi.blogspot.com/search7f70.html]
[techgehlotravi.blogspot.com/2021/index.html]
[techgehlotravi.blogspot.com/search13d7.html]
[techgehlotravi.blogspot.com/2021/12/index.html]
[techgehlotravi.blogspot.com/search8db8.html]
[techgehlotravi.blogspot.com/searchcb2a.html]
[techgehlotravi.blogspot.com/2021/11/index.html]
[techgehlotravi.blogspot.com/searchae48.html]
[techgehlotravi.blogspot.com/searche4a3.html]
[techgehlotravi.blogspot.com/2021/10/index.html]
[techgehlotravi.blogspot.com/searchffd5.html]
[techgehlotravi.blogspot.com/search5526.html]
[techgehlotravi.blogspot.com/2021/09/index.html]
[techgehlotravi.blogspot.com/searchcfe3.html]
[techgehlotravi.blogspot.com/search5be8.html]
[techgehlotravi.blogspot.com/2021/07/index.html]
[techgehlotravi.blogspot.com/search9fb0.html]
[techgehlotravi.blogspot.com/search7479.html]
[techgehlotravi.blogspot.com/2021/06/index.html]
[techgehlotravi.blogspot.com/searchbf01.html]
[techgehlotravi.blogspot.com/search2250.html]
[techgehlotravi.blogspot.com/2021/05/index.html]
[techgehlotravi.blogspot.com/searchee71.html]
[techgehlotravi.blogspot.com/2021/04/index.html]
[techgehlotravi.blogspot.com/search20e5.html]
[techgehlotravi.blogspot.com/2020/06/magento-login-logout-code.html]
[1.bp.blogspot.com/-sbI8EzS6H1E/X6k85d7pNvI/AAAAAAAADF8/pU7VOpeqFHoQTX1V3IewX3BCzDv8lHrOwCLcBGAsYHQ/s0/magenot.png]
[techgehlotravi.blogspot.com/2020/03/wordpress-electric-vehicle-website.html]
[1.bp.blogspot.com/-vCBW00hdDeE/XnYPjvUT4jI/AAAAAAAAAR0/s3WadSS_luwKZXKS7H6LV_eEraYIJTLoQCEwYBhgL/s640/4de612.jpg]
[techgehlotravi.blogspot.com/2020/03/core-php-marketing-website.html]
[1.bp.blogspot.com/-QFouTsjMwlM/XnYPjs4kjWI/AAAAAAAAARs/ck2KSBGYbm4_5y0ONybCmoPGetM3wglzACEwYBhgL/s640/695f42.jpg]
[techgehlotravi.blogspot.com/2020/03/wordpress-website.html]
[1.bp.blogspot.com/-bOYFlAnBPa0/XnYPj9aA-BI/AAAAAAAAARw/uewTBo1teKwvE4W3VR3qZ-HEBK5NaM2awCLcBGAsYHQ/s640/6b5b48.jpg]
[techgehlotravi.blogspot.com/2020/03/core-php-website-computer-education.html]
[1.bp.blogspot.com/-FBHy6dQcIPE/XnYKlUjNMtI/AAAAAAAAARg/KJpsW68B9vQ2fxHVYUxJDJlc52vKynBhACEwYBhgL/s1600/5.PNG]
[techgehlotravi.blogspot.com/2020/03/wordpress-site-education-related.html]
[1.bp.blogspot.com/-fR7uTJ76uG8/XnYKkxzfloI/AAAAAAAAARg/eWGUVZuWaXQOpMhGt6hZoiKupMGz4glEgCEwYBhgL/s1600/4.PNG]
[techgehlotravi.blogspot.com/2020/03/uk-bassed-core-php-website.html]
[1.bp.blogspot.com/-iiWm65M4hnI/XnYKj_SjSKI/AAAAAAAAARc/YWzKrxf2ay4t5VMkmpH0erdj201ICzAmgCEwYBhgL/s1600/2.PNG]
[techgehlotravi.blogspot.com/2020/03/core-php-agency-website.html]
[1.bp.blogspot.com/-55_EI1PXNpM/XnYKj32UR6I/AAAAAAAAARE/Bl0P-D0c67A4m_6cBQ4w_P0n87EJXcRxQCEwYBhgL/s1600/1.PNG]
[techgehlotravi.blogspot.com/2020/03/wordpress-ecommerce-website.html]
[1.bp.blogspot.com/-JDQPF5sh7Sk/XnYKj3GjqQI/AAAAAAAAARI/R88ot-8pprsVGGf1THImM6bMEjWW4WY_wCLcBGAsYHQ/s1600/3.PNG]
[techgehlotravi.blogspot.com/2020/03/seo.html]
[techgehlotravi.blogspot.com/2020/03/blog-post.html]
[1.bp.blogspot.com/-t_tUVlUPNWo/Xn3yczOOxzI/AAAAAAAAASM/c-NLy9uQVZ8qcoE48B8brvV5mFiKIEMwQCLcBGAsYHQ/s200/0.jpeg]
[techgehlotravi.blogspot.com/2020/03/add-custom-domain-to-github-pages.html]
[techgehlotravi.blogspot.com/2020/02/genrate-sql-queries-from-excel.html]
[techgehlotravi.blogspot.com/2020/01/google-analytics.html]
[techgehlotravi.blogspot.com/search5361.html]
[techgehlotravi.blogspot.com/2020/index.html]
[techgehlotravi.blogspot.com/search2383.html]
[techgehlotravi.blogspot.com/2020/10/index.html]
[techgehlotravi.blogspot.com/search1071.html]
[techgehlotravi.blogspot.com/searche47d.html]
[techgehlotravi.blogspot.com/2020/09/index.html]
[techgehlotravi.blogspot.com/search2572.html]
[techgehlotravi.blogspot.com/searchc540.html]
[techgehlotravi.blogspot.com/2020/06/index.html]
[techgehlotravi.blogspot.com/search582a.html]
[techgehlotravi.blogspot.com/searchfc06.html]
[techgehlotravi.blogspot.com/2020/03/index.html]
[techgehlotravi.blogspot.com/search2154.html]
[techgehlotravi.blogspot.com/searchd3ec.html]
[techgehlotravi.blogspot.com/2020/02/index.html]
[techgehlotravi.blogspot.com/search03ab.html]
[techgehlotravi.blogspot.com/2020/01/index.html]
[techgehlotravi.blogspot.com/search331b.html]
[techgehlotravi.blogspot.com/2019/09/make-website-responsive-first-step.html]
[1.bp.blogspot.com/-a8mN2CNY8fo/Xh1FnW2d6oI/AAAAAAAAAOE/trBr2sewZWAaXPnc9qT04zdAWM0KvV5kwCLcBGAsYHQ/s320/responsive.jpeg]
[techgehlotravi.blogspot.com/2019/09/how-to-add-multiple-pin-points-in.html]
[1.bp.blogspot.com/-kuRLXI4t4V8/Xh1F8I7UliI/AAAAAAAAAOM/2zxq3w97Vj8Uq4dLbbdqgGVnbOAv5lVRgCLcBGAsYHQ/s320/google_map.png]
[techgehlotravi.blogspot.com/2019/08/laravel-route-model-controller-creation.html]
[1.bp.blogspot.com/-yBcOutDAoE8/XVuP39SZS3I/AAAAAAAAAMU/ISy9iuyv9usuuGDc1Uy5j4yOhExWqoAVQCLcBGAs/s320/LaravelLogo.png]
[techgehlotravi.blogspot.com/2019/06/how-to-display-pdo-statement-query-in.html]
[1.bp.blogspot.com/-2RiT0iG5FMU/Xh1GsgZkTnI/AAAAAAAAAOc/_X96UPsOWu82mnrfwRvT0RPYRrZEwDG5wCLcBGAsYHQ/s320/PDO.jpg]
[techgehlotravi.blogspot.com/2019/05/modified-wordpress-themes-like.html]
[1.bp.blogspot.com/-i1l9b1LdF6k/Xh1HabxJYfI/AAAAAAAAAOo/-DO9biGrdsYH-FMTxpJn_rtDG9rrPEQGACLcBGAsYHQ/s320/theme.jpg]
[techgehlotravi.blogspot.com/2019/04/fastest-way-to-create-new-theme-in.html]
[1.bp.blogspot.com/-n8mGRpg8GuQ/Xh1Hzkz68PI/AAAAAAAAAOw/tM-N6QkZ1g0FAXuzqbV7smRhXoNqwUcJgCLcBGAsYHQ/s320/fastest_way.png]
[techgehlotravi.blogspot.com/2019/03/bootstrap-grid.html]
[1.bp.blogspot.com/-D33JM8razkA/Xh1IURBIHHI/AAAAAAAAAO8/oEos5NUY1gAd_bpuAGOB-dK4N7VgBI-4gCLcBGAsYHQ/s320/bootstrap_grid.jpg]
[techgehlotravi.blogspot.com/2019/02/simple-arrow-animation-using-css-class.html]
[2.bp.blogspot.com/-hO1RQW0FRj0/XF0m1mINwXI/AAAAAAAAAJA/1cTJA99odn4vEtdsqwAffG3uYTaTqog_gCLcBGAs/s320/giff.gif]
[techgehlotravi.blogspot.com/search4c96.html]
[techgehlotravi.blogspot.com/2019/index.html]
[techgehlotravi.blogspot.com/searcha962.html]
[techgehlotravi.blogspot.com/2019/09/index.html]
[techgehlotravi.blogspot.com/search551e.html]
[techgehlotravi.blogspot.com/search9ac7.html]
[techgehlotravi.blogspot.com/2019/08/index.html]
[techgehlotravi.blogspot.com/search8088.html]
[techgehlotravi.blogspot.com/searche1c8.html]
[techgehlotravi.blogspot.com/2019/06/index.html]
[techgehlotravi.blogspot.com/searchac0f.html]
[techgehlotravi.blogspot.com/search6394.html]
[techgehlotravi.blogspot.com/2019/05/index.html]
[techgehlotravi.blogspot.com/searchbe84.html]
[techgehlotravi.blogspot.com/search41fc.html]
[techgehlotravi.blogspot.com/2019/04/index.html]
[techgehlotravi.blogspot.com/search113c.html]
[techgehlotravi.blogspot.com/search148b.html]
[techgehlotravi.blogspot.com/2019/03/index.html]
[techgehlotravi.blogspot.com/search58f9.html]
[techgehlotravi.blogspot.com/2019/02/index.html]
[techgehlotravi.blogspot.com/search7408.html]
[techgehlotravi.blogspot.com/2018/12/product-page-choose-size-buttons-in-form.html]
[1.bp.blogspot.com/-FwVPTH-LgQg/XBnkwAp42iI/AAAAAAAAAIs/qcdiD3JsqB4OXgaNL9boDZTv9JlgE3Z1QCLcBGAs/s320/Captu321.PNG]
[techgehlotravi.blogspot.com/2018/12/simplest-paypal-intigration-in-html-form.html]
[2.bp.blogspot.com/-7qSPvUSs2Jk/XAi4nl7TFwI/AAAAAAAAAIc/EQ2HKbms26kxIXwNA7sWfWlAjWvqe6AVwCLcBGAs/s320/paypal intigration.png]
[techgehlotravi.blogspot.com/2018/11/paypal-intigration-in-php-website.html]
[3.bp.blogspot.com/-i4bB0ot4voA/W_aPZ71QljI/AAAAAAAAAIQ/GYuvz3CTHEgdWx334EJBVlrkETa2yCLpwCLcBGAs/s400/123.png]
[techgehlotravi.blogspot.com/2018/09/install-shoutcast-in-linux.html]
[3.bp.blogspot.com/-0KYN8c-WwRw/W6Ha6tSaIPI/AAAAAAAAAH4/PbXRlvQrQMU6ujFVFPmudhN_JyckAxWBgCLcBGAs/s320/item.png]
[techgehlotravi.blogspot.com/2018/09/website-made-by-ab-tech-systems.html]
[techgehlotravi.blogspot.com/2018/07/change-date-format-mmddyyyy-to-ddmmyyyy.html]
[1.bp.blogspot.com/-K57I7E1stzs/W5Dtc540XlI/AAAAAAAAAHI/2mI2vXy70W8EUWVCgMrqS8FObfn-3ONrACLcBGAs/s320/1426334-2196f3.png]
[techgehlotravi.blogspot.com/2018/06/iframe-sending-variable-to-parent-window.html]
[3.bp.blogspot.com/-8V06Hs7M1XM/W5Dux_Dh_xI/AAAAAAAAAHc/nn0bKiQhkLELq3z7BNjJfxbijk7WgO5VQCLcBGAs/s1600/images.jpg]
[techgehlotravi.blogspot.com/searchfd1f.html]
[techgehlotravi.blogspot.com/2018/index.html]
[techgehlotravi.blogspot.com/search28e8.html]
[techgehlotravi.blogspot.com/2018/12/index.html]
[techgehlotravi.blogspot.com/searchbcd4.html]
[techgehlotravi.blogspot.com/searchda9a.html]
[techgehlotravi.blogspot.com/2018/11/index.html]
[techgehlotravi.blogspot.com/search99ec.html]
[techgehlotravi.blogspot.com/searcha625.html]
[techgehlotravi.blogspot.com/2018/09/index.html]
[techgehlotravi.blogspot.com/searcha206.html]
[techgehlotravi.blogspot.com/searche808.html]
[techgehlotravi.blogspot.com/2018/07/index.html]
[techgehlotravi.blogspot.com/search16a9.html]
[techgehlotravi.blogspot.com/2018/06/index.html]
[techgehlotravi.blogspot.com/search1719.html]
[techgehlotravi.blogspot.com/search458a.html]
[techgehlotravi.blogspot.com/search4fbb.html]
[techgehlotravi.blogspot.com/2018/04/information-assistant-recruitment_10.html]
[techgehlotravi.blogspot.com/2018/04/index.html]
[techgehlotravi.blogspot.com/2018/02/index.html]
[techgehlotravi.blogspot.com/2018/01/index.html]
[techgehlotravi.blogspot.com/2017/index.html]
[techgehlotravi.blogspot.com/2017/12/index.html]
[techgehlotravi.blogspot.com/2017/11/index.html]
[techgehlotravi.blogspot.com/2017/09/index.html]
[techgehlotravi.blogspot.com/2017/07/index.html]
[techgehlotravi.blogspot.com/2017/05/index.html]
[techgehlotravi.blogspot.com/2017/04/index.html]
[techgehlotravi.blogspot.com/2017/02/index.html]
[techgehlotravi.blogspot.com/2017/01/index.html]
[techgehlotravi.blogspot.com/2016/index.html]
[techgehlotravi.blogspot.com/2016/12/index.html]
[techgehlotravi.blogspot.com/2016/11/index.html]
[techgehlotravi.blogspot.com/2016/09/index.html]
[techgehlotravi.blogspot.com/2016/08/index.html]
[techgehlotravi.blogspot.com/2016/07/index.html]
